// Jest Snapshot v1, https://goo.gl/fbAQLP

exports[`should render ExpenseList Item 1`] = `
<div>
  <h3>
    <Link
      to="/edit/1"
    >
      Gum
    </Link>
  </h3>
  <p>
    10
     - 
    0
  </p>
</div>
`;
